
FatFs module test monitor for LPC2138
Created by Martin Thomas based on code from
Chan and NXP (Version Chan005/NXP1.4/mt0.2) (h for help)
dd <phy_drv#> [<sector>] - Dump sector
di <phy_drv#> - Initialize disk
ds <phy_drv#> - Show disk status
bd <addr> - Dump R/W buffer
be <addr> [<data>] ... - Edit R/W buffer
br <phy_drv#> <sector> [<n>] - Read disk into R/W buffer
bw <phy_drv#> <sector> [<n>] - Write R/W buffer into disk
bf <n> - Fill working buffer
fi <log drv#> - Force initialize the logical drive
fs [<path>] - Show logical drive status
fl [<path>] - Directory listing
fo <mode> <file> - Open a file
fc - Close a file
fe - Seek file pointer
fr <len> - Read file
fd <len> - Read and dump file from current fp
fw <len> <val> - Write file
fn <old_name> <new_name> - Change file/dir name
fu <name> - Unlink (delete) a file or dir
fk <name> - Create a directory
fa <attr> <mask> <name> - Change file/dir attribute
fx <src_name> <dst_name> - Copy file
fm <log drv#> <partition rule> <cluster size> - Create file system
fz <len> - Set transfer unit for fr/fw commands
t [<year> <mon> <mday> <hour> <min> <sec>] Time read/set
h view help (this)

>di 0
MCI DMA enabled
MCI_INIT ok
timout CMD8 -> SD-Card<Version 2.0 or MMC
ACMD41 success -> SD-Card SC or HC
SDSC detected
MCI_Send_CSD result: 00260032 1F5983C4 FEFACFFF 924040C0
diskio: CSD 00260032 1F5983C4 FEFACFFF 924040C0
setting 4bit width success
MMC_disk_initialize ok

rc=0
>ds 0
Drive size: 494080 sectors
Sector size: 512
Erase block size: 32 sectors
>dd 0 2
Sector:2
00000000  00 00 00 00 00 00 00 00 00 00 00 00 00 00 00 00 ................
00000010  00 00 00 00 00 00 00 00 00 00 00 00 00 00 00 00 ................
00000020  00 00 00 00 00 00 00 00 00 00 00 00 00 00 00 00 ................
00000030  00 00 00 00 00 00 00 00 00 00 00 00 00 00 00 00 ................
00000040  00 00 00 00 00 00 00 00 00 00 00 00 00 00 00 00 ................
00000050  00 00 00 00 00 00 00 00 00 00 00 00 00 00 00 00 ................
00000060  00 00 00 00 00 00 00 00 00 00 00 00 00 00 00 00 ................
00000070  00 00 00 00 00 00 00 00 00 00 00 00 00 00 00 00 ................
00000080  00 00 00 00 00 00 00 00 00 00 00 00 00 00 00 00 ................
00000090  00 00 00 00 00 00 00 00 00 00 00 00 00 00 00 00 ................
000000A0  00 00 00 00 00 00 00 00 00 00 00 00 00 00 00 00 ................
000000B0  00 00 00 00 00 00 00 00 00 00 00 00 00 00 00 00 ................
000000C0  00 00 00 00 00 00 00 00 00 00 00 00 00 00 00 00 ................
000000D0  00 00 00 00 00 00 00 00 00 00 00 00 00 00 00 00 ................
000000E0  00 00 00 00 00 00 00 00 00 00 00 00 00 00 00 00 ................
000000F0  00 00 00 00 00 00 00 00 00 00 00 00 00 00 00 00 ................
00000100  00 00 00 00 00 00 00 00 00 00 00 00 00 00 00 00 ................
00000110  00 00 00 00 00 00 00 00 00 00 00 00 00 00 00 00 ................
00000120  00 00 00 00 00 00 00 00 00 00 00 00 00 00 00 00 ................
00000130  00 00 00 00 00 00 00 00 00 00 00 00 00 00 00 00 ................
00000140  00 00 00 00 00 00 00 00 00 00 00 00 00 00 00 00 ................
00000150  00 00 00 00 00 00 00 00 00 00 00 00 00 00 00 00 ................
00000160  00 00 00 00 00 00 00 00 00 00 00 00 00 00 00 00 ................
00000170  00 00 00 00 00 00 00 00 00 00 00 00 00 00 00 00 ................
00000180  00 00 00 00 00 00 00 00 00 00 00 00 00 00 00 00 ................
00000190  00 00 00 00 00 00 00 00 00 00 00 00 00 00 00 00 ................
000001A0  00 00 00 00 00 00 00 00 00 00 00 00 00 00 00 00 ................
000001B0  00 00 00 00 00 00 00 00 00 00 00 00 00 00 00 00 ................
000001C0  00 00 00 00 00 00 00 00 00 00 00 00 00 00 00 00 ................
000001D0  00 00 00 00 00 00 00 00 00 00 00 00 00 00 00 00 ................
000001E0  00 00 00 00 00 00 00 00 00 00 00 00 00 00 00 00 ................
000001F0  00 00 00 00 00 00 00 00 00 00 00 00 00 00 55 AA ..............U.
>dd 0 0
Sector:0
00000000  00 00 00 00 00 00 00 00 00 00 00 00 00 00 00 00 ................
00000010  00 00 00 00 00 00 00 00 00 00 00 00 00 00 00 00 ................
00000020  00 00 00 00 00 00 00 00 00 00 00 00 00 00 00 00 ................
00000030  00 00 00 00 00 00 00 00 00 00 00 00 00 00 00 00 ................
00000040  00 00 00 00 00 00 00 00 00 00 00 00 00 00 00 00 ................
00000050  00 00 00 00 00 00 00 00 00 00 00 00 00 00 00 00 ................
00000060  00 00 00 00 00 00 00 00 00 00 00 00 00 00 00 00 ................
00000070  00 00 00 00 00 00 00 00 00 00 00 00 00 00 00 00 ................
00000080  00 00 00 00 00 00 00 00 00 00 00 00 00 00 00 00 ................
00000090  00 00 00 00 00 00 00 00 00 00 00 00 00 00 00 00 ................
000000A0  00 00 00 00 00 00 00 00 00 00 00 00 00 00 00 00 ................
000000B0  00 00 00 00 00 00 00 00 00 00 00 00 00 00 00 00 ................
000000C0  00 00 00 00 00 00 00 00 00 00 00 00 00 00 00 00 ................
000000D0  00 00 00 00 00 00 00 00 00 00 00 00 00 00 00 00 ................
000000E0  00 00 00 00 00 00 00 00 00 00 00 00 00 00 00 00 ................
000000F0  00 00 00 00 00 00 00 00 00 00 00 00 00 00 00 00 ................
00000100  00 00 00 00 00 00 00 00 00 00 00 00 00 00 00 00 ................
00000110  00 00 00 00 00 00 00 00 00 00 00 00 00 00 00 00 ................
00000120  00 00 00 00 00 00 00 00 00 00 00 00 00 00 00 00 ................
00000130  00 00 00 00 00 00 00 00 00 00 00 00 00 00 00 00 ................
00000140  00 00 00 00 00 00 00 00 00 00 00 00 00 00 00 00 ................
00000150  00 00 00 00 00 00 00 00 00 00 00 00 00 00 00 00 ................
00000160  00 00 00 00 00 00 00 00 00 00 00 00 00 00 00 00 ................
00000170  00 00 00 00 00 00 00 00 00 00 00 00 00 00 00 00 ................
00000180  00 00 00 00 00 00 00 00 00 00 00 00 00 00 00 00 ................
00000190  00 00 00 00 00 00 00 00 00 00 00 00 00 00 00 00 ................
000001A0  00 00 00 00 00 00 00 00 00 00 00 00 00 00 00 00 ................
000001B0  00 00 00 00 00 00 00 00 00 00 00 00 00 00 80 01 ................
000001C0  01 00 0C FE 3F 1E 3F 00 00 00 C1 89 07 00 00 00 ....?.?.........
000001D0  00 00 00 00 00 00 00 00 00 00 00 00 00 00 00 00 ................
000001E0  00 00 00 00 00 00 00 00 00 00 00 00 00 00 00 00 ................
000001F0  00 00 00 00 00 00 00 00 00 00 00 00 00 00 55 AA ..............U.
>fi 0
rc=0 FR_OK
>fs
MCI DMA enabled
MCI_INIT ok
timout CMD8 -> SD-Card<Version 2.0 or MMC
ACMD41 success -> SD-Card SC or HC
SDSC detected
MCI_Send_CSD result: 00260032 1F5983C4 FEFACFFF 924040C0
diskio: CSD 00260032 1F5983C4 FEFACFFF 924040C0
setting 4bit width success
MMC_disk_initialize ok

FAT type = 3
Bytes/Cluster = 2048
Number of FATs = 1
Root DIR entries = 0
Sectors/FAT = 992
Number of clusters = 123248
FAT start (lba) = 96
DIR start (lba,clustor) = 2
Data start (lba) = 1088

3 files, 32212000 bytes.
1 folders.
246496 KB total disk space.
215032 KB available.
>fl
----A 2007/09/06 11:56  11101000  m
----A 2007/09/06 12:00  21110000  n
D---- 2007/09/06 12:11         0  mt
   2 File(s),   32211000 bytes total
   1 Dir(s),   220192768 bytes free
>fo 10 martin
rc=0 FR_OK
>fw 20 10
20 bytes written with 4 kB/sec.
>fw 200000 10
200000 bytes written with 569 kB/sec.
>fw 2000000 10
2000000 bytes written with 579 kB/sec.
>fc 0
rc=0 FR_OK
>fl
----A 2007/09/06 11:56  11101000  m
----A 2007/09/06 12:00  21110000  n
D---- 2007/09/06 12:11         0  mt
----A 2007/09/06 11:59   2200020  martin
   3 File(s),   34411020 bytes total
   1 Dir(s),   217991168 bytes free
>fo 1 martin
rc=0 FR_OK
>fd 20
00000000  0A 0A 0A 0A 0A 0A 0A 0A 0A 0A 0A 0A 0A 0A 0A 0A ................
00000010  0A 0A 0A 0A ....
>fc
rc=0 FR_OK
>fo 10 hallo
rc=0 FR_OK
>fw 10 1
10 bytes written with 2 kB/sec.
>fw 10 2
10 bytes written with 0 kB/sec.
>fw 10 3
10 bytes written with 0 kB/sec.
>fw 100000 4
100000 bytes written with 645 kB/sec.
>fc
rc=0 FR_OK
>fo 1 hallo
rc=0 FR_OK
>fd 40
00000000  01 01 01 01 01 01 01 01 01 01 02 02 02 02 02 02 ................
00000010  02 02 02 02 03 03 03 03 03 03 03 03 03 03 04 04 ................
00000020  04 04 04 04 04 04 04 04 ........
>fc
rc=0 FR_OK
>fl
----A 2007/09/06 11:56  11101000  m
----A 2007/09/06 12:00  21110000  n
D---- 2007/09/06 12:11         0  mt
----A 2007/09/06 11:59   2200020  martin
----A 2007/09/06 12:01    100030  hallo
   4 File(s),   34511050 bytes total
   1 Dir(s),   217890816 bytes free
>fu mt
rc=6 FR_DENIED
>fl mt
----A 2007/09/06 12:11      1000  i
   1 File(s),       1000 bytes total
   0 Dir(s),   217890816 bytes free
>fu mt/i
rc=0 FR_OK
>fu mt
rc=0 FR_OK
>fl
----A 2007/09/06 11:56  11101000  m
----A 2007/09/06 12:00  21110000  n
----A 2007/09/06 11:59   2200020  martin
----A 2007/09/06 12:01    100030  hallo
   4 File(s),   34511050 bytes total
   0 Dir(s),   217894912 bytes free
>fk adir
rc=0 FR_OK
>ls
>fl
----A 2007/09/06 11:56  11101000  m
----A 2007/09/06 12:00  21110000  n
D---- 2007/09/06 12:05         0  adir
----A 2007/09/06 11:59   2200020  martin
----A 2007/09/06 12:01    100030  hallo
   4 File(s),   34511050 bytes total
   1 Dir(s),   217892864 bytes free
>fx hallo halloc
Opening "hallo"
Creating "halloc"
Copying...
100030 bytes copied.
>fo 1 halloc
rc=0 FR_OK
>fd 40
00000000  01 01 01 01 01 01 01 01 01 01 02 02 02 02 02 02 ................
00000010  02 02 02 02 03 03 03 03 03 03 03 03 03 03 04 04 ................
00000020  04 04 04 04 04 04 04 04 ........
>fc
rc=0 FR_OK
>t
2007/9/6 12:07:10 (YYYY/MM/DD hh:mm:ss)
>t 2007 9 8 23 01 55
2007/9/8 23:01:55 (YYYY/MM/DD hh:mm:ss)
>t
2007/9/8 23:02:01 (YYYY/MM/DD hh:mm:ss)
>t
2007/9/8 23:02:04 (YYYY/MM/DD hh:mm:ss)
>t
2007/9/8 23:02:05 (YYYY/MM/DD hh:mm:ss)
>fl
----A 2007/09/06 11:56  11101000  m
----A 2007/09/06 12:00  21110000  n
D---- 2007/09/06 12:05         0  adir
----A 2007/09/06 11:59   2200020  martin
----A 2007/09/06 12:01    100030  hallo
----A 2007/09/06 12:06    100030  halloc
   5 File(s),   34611080 bytes total
   1 Dir(s),   217792512 bytes free
>fm 0 0 4096
The drive 0 will be formatted. Are you sure? (Y/n)=Y
MCI DMA enabled
MCI_INIT ok
timout CMD8 -> SD-Card<Version 2.0 or MMC
ACMD41 success -> SD-Card SC or HC
SDSC detected
MCI_Send_CSD result: 00260032 1F5983C4 FEFACFFF 924040C0
diskio: CSD 00260032 1F5983C4 FEFACFFF 924040C0
setting 4bit width success
MMC_disk_initialize ok

rc=0 FR_OK
>fl
MCI DMA enabled
MCI_INIT ok
timout CMD8 -> SD-Card<Version 2.0 or MMC
ACMD41 success -> SD-Card SC or HC
SDSC detected
MCI_Send_CSD result: 00260032 1F5983C4 FEFACFFF 924040C0
diskio: CSD 00260032 1F5983C4 FEFACFFF 924040C0
setting 4bit width success
MMC_disk_initialize ok

   0 File(s),          0 bytes total
   0 Dir(s),   252788736 bytes free
>fo 10 martin
rc=0 FR_OK
>fw 10 1
10 bytes written with 5 kB/sec.
>fw 10 2
10 bytes written with 0 kB/sec.
>fw 10 3
10 bytes written with 0 kB/sec.
>fc
rc=0 FR_OK
>fo 1 martin
rc=0 FR_OK
>fd 40
00000000  01 01 01 01 01 01 01 01 01 01 02 02 02 02 02 02 ................
00000010  02 02 02 02 03 03 03 03 03 03 03 03 03 03 ..............
>fc
rc=0 FR_OK
>t
2007/9/8 23:04:36 (YYYY/MM/DD hh:mm:ss)
>fl
----A 2007/09/08 23:04        30  martin
   1 File(s),         30 bytes total
   0 Dir(s),   252784640 bytes free
>fs
FAT type = 2
Bytes/Cluster = 4096
Number of FATs = 1
Root DIR entries = 512
Sectors/FAT = 256
Number of clusters = 61716
FAT start (lba) = 64
DIR start (lba,clustor) = 320
Data start (lba) = 352

1 files, 30 bytes.
0 folders.
246864 KB total disk space.
246860 KB available.
>


J:\>dir
 Datenträger in Laufwerk J: hat keine Bezeichnung.
 Datenträgernummer: 0000-0000

 Verzeichnis von J:\

08.09.2007  23:04                   30 martin
               1 Datei(en)             30 Bytes
               0 Verzeichnis(se),     252.784.640 Bytes frei

